// Jest Snapshot v1, https://goo.gl/fbAQLP

exports[`<IngredientList /> renders correctly 1`] = `
<View
  style={
    {
      "height": 60,
    }
  }
>
  <RCTScrollView
    data={
      [
        "ingedient1",
        "ingedient2",
        "ingedient3",
      ]
    }
    getItem={[Function]}
    getItemCount={[Function]}
    horizontal={true}
    keyExtractor={[Function]}
    onContentSizeChange={[Function]}
    onLayout={[Function]}
    onMomentumScrollBegin={[Function]}
    onMomentumScrollEnd={[Function]}
    onScroll={[Function]}
    onScrollBeginDrag={[Function]}
    onScrollEndDrag={[Function]}
    removeClippedSubviews={false}
    renderItem={[Function]}
    scrollEventThrottle={50}
    stickyHeaderIndices={[]}
    viewabilityConfigCallbackPairs={[]}
  >
    <View>
      <View
        onFocusCapture={[Function]}
        onLayout={[Function]}
        style={
          [
            {
              "flexDirection": "row",
            },
            null,
          ]
        }
      >
        <View
          accessibilityState={
            {
              "busy": undefined,
              "checked": undefined,
              "disabled": undefined,
              "expanded": undefined,
              "selected": undefined,
            }
          }
          accessibilityValue={
            {
              "max": undefined,
              "min": undefined,
              "now": undefined,
              "text": undefined,
            }
          }
          accessible={true}
          collapsable={false}
          focusable={true}
          onClick={[Function]}
          onResponderGrant={[Function]}
          onResponderMove={[Function]}
          onResponderRelease={[Function]}
          onResponderTerminate={[Function]}
          onResponderTerminationRequest={[Function]}
          onStartShouldSetResponder={[Function]}
          style={
            {
              "backgroundColor": "#121212",
              "borderColor": "#f954ba",
              "borderRadius": 18,
              "borderWidth": 1,
              "height": 40,
              "margin": 10,
              "minWidth": 50,
              "opacity": 1,
              "padding": 10,
            }
          }
        >
          <Text
            style={
              {
                "color": "#f954ba",
                "textAlign": "center",
              }
            }
          >
            ingedient1
          </Text>
        </View>
      </View>
      <View
        onFocusCapture={[Function]}
        onLayout={[Function]}
        style={
          [
            {
              "flexDirection": "row",
            },
            null,
          ]
        }
      >
        <View
          accessibilityState={
            {
              "busy": undefined,
              "checked": undefined,
              "disabled": undefined,
              "expanded": undefined,
              "selected": undefined,
            }
          }
          accessibilityValue={
            {
              "max": undefined,
              "min": undefined,
              "now": undefined,
              "text": undefined,
            }
          }
          accessible={true}
          collapsable={false}
          focusable={true}
          onClick={[Function]}
          onResponderGrant={[Function]}
          onResponderMove={[Function]}
          onResponderRelease={[Function]}
          onResponderTerminate={[Function]}
          onResponderTerminationRequest={[Function]}
          onStartShouldSetResponder={[Function]}
          style={
            {
              "backgroundColor": "#121212",
              "borderColor": "#f954ba",
              "borderRadius": 18,
              "borderWidth": 1,
              "height": 40,
              "margin": 10,
              "minWidth": 50,
              "opacity": 1,
              "padding": 10,
            }
          }
        >
          <Text
            style={
              {
                "color": "#f954ba",
                "textAlign": "center",
              }
            }
          >
            ingedient2
          </Text>
        </View>
      </View>
      <View
        onFocusCapture={[Function]}
        onLayout={[Function]}
        style={
          [
            {
              "flexDirection": "row",
            },
            null,
          ]
        }
      >
        <View
          accessibilityState={
            {
              "busy": undefined,
              "checked": undefined,
              "disabled": undefined,
              "expanded": undefined,
              "selected": undefined,
            }
          }
          accessibilityValue={
            {
              "max": undefined,
              "min": undefined,
              "now": undefined,
              "text": undefined,
            }
          }
          accessible={true}
          collapsable={false}
          focusable={true}
          onClick={[Function]}
          onResponderGrant={[Function]}
          onResponderMove={[Function]}
          onResponderRelease={[Function]}
          onResponderTerminate={[Function]}
          onResponderTerminationRequest={[Function]}
          onStartShouldSetResponder={[Function]}
          style={
            {
              "backgroundColor": "#121212",
              "borderColor": "#f954ba",
              "borderRadius": 18,
              "borderWidth": 1,
              "height": 40,
              "margin": 10,
              "minWidth": 50,
              "opacity": 1,
              "padding": 10,
            }
          }
        >
          <Text
            style={
              {
                "color": "#f954ba",
                "textAlign": "center",
              }
            }
          >
            ingedient3
          </Text>
        </View>
      </View>
    </View>
  </RCTScrollView>
</View>
`;
