// Jest Snapshot v1, https://goo.gl/fbAQLP

exports[`<CustomInput /> renders correctly 1`] = `
<View>
  <View
    style={
      {
        "borderColor": "white",
        "borderRightWidth": 1,
        "left": 20,
        "position": "absolute",
        "top": 20,
        "width": 30,
        "zIndex": 1,
      }
    }
  >
    <Image
      style={
        {
          "height": 25,
          "padding": 10,
          "paddingRight": 10,
          "position": "relative",
          "width": 25,
        }
      }
    />
  </View>
  <TextInput
    onChangeText={[Function]}
    placeholder="Placeholder"
    style={
      {
        "borderColor": "white",
        "borderRadius": 10,
        "borderWidth": 1,
        "color": "white",
        "height": 40,
        "margin": 12,
        "minWidth": 200,
        "padding": 10,
        "paddingLeft": 45,
      }
    }
    value="Text"
  />
</View>
`;
